2023-12-21 11:12:403 INFO  HomePage :59 - Sending text to : [[ChromeDriver: chrome on windows (63dd42d5d6f39e748daf1d47ae28981a)] -> id: keywords]
2023-12-21 11:12:523 INFO  HomePage :63 - Sending text to : [[ChromeDriver: chrome on windows (63dd42d5d6f39e748daf1d47ae28981a)] -> xpath: //input[@id='location']]
2023-12-21 11:12:643 INFO  HomePage :67 - Clicking on  : [[ChromeDriver: chrome on windows (63dd42d5d6f39e748daf1d47ae28981a)] -> id: distance]
2023-12-21 11:12:772 INFO  HomePage :71 - Clicking on  : [[ChromeDriver: chrome on windows (63dd42d5d6f39e748daf1d47ae28981a)] -> id: toggle-hp-search]
2023-12-21 11:12:182 INFO  HomePage :59 - Sending text to : [[ChromeDriver: chrome on windows (48b84e4569beee04b146532e9f91a11e)] -> id: keywords]
2023-12-21 11:12:308 INFO  HomePage :63 - Sending text to : [[ChromeDriver: chrome on windows (48b84e4569beee04b146532e9f91a11e)] -> xpath: //input[@id='location']]
2023-12-21 11:12:441 INFO  HomePage :67 - Clicking on  : [[ChromeDriver: chrome on windows (48b84e4569beee04b146532e9f91a11e)] -> id: distance]
2023-12-21 11:12:552 INFO  HomePage :71 - Clicking on  : [[ChromeDriver: chrome on windows (48b84e4569beee04b146532e9f91a11e)] -> id: toggle-hp-search]
2023-12-21 11:12:958 INFO  HomePage :59 - Sending text to : [[ChromeDriver: chrome on windows (964f980ab4a0508b31af0fa103d5c460)] -> id: keywords]
2023-12-21 11:12:80 INFO  HomePage :63 - Sending text to : [[ChromeDriver: chrome on windows (964f980ab4a0508b31af0fa103d5c460)] -> xpath: //input[@id='location']]
2023-12-21 11:12:173 INFO  HomePage :67 - Clicking on  : [[ChromeDriver: chrome on windows (964f980ab4a0508b31af0fa103d5c460)] -> id: distance]
2023-12-21 11:12:299 INFO  HomePage :71 - Clicking on  : [[ChromeDriver: chrome on windows (964f980ab4a0508b31af0fa103d5c460)] -> id: toggle-hp-search]
2023-12-21 11:12:383 INFO  HomePage :75 - Sending text to : [[ChromeDriver: chrome on windows (964f980ab4a0508b31af0fa103d5c460)] -> xpath: //input[@id='salarymin']]
2023-12-21 11:12:507 INFO  HomePage :79 - Sending text to : [[ChromeDriver: chrome on windows (964f980ab4a0508b31af0fa103d5c460)] -> xpath: //input[@id='salarymax']]
2023-12-21 11:12:604 INFO  HomePage :83 - Clicking on  : [[ChromeDriver: chrome on windows (964f980ab4a0508b31af0fa103d5c460)] -> xpath: //select[@id='salarytype']]
2023-12-21 11:12:725 INFO  HomePage :87 - Clicking on  : [[ChromeDriver: chrome on windows (964f980ab4a0508b31af0fa103d5c460)] -> id: tempperm]
2023-12-21 11:12:850 INFO  HomePage :91 - Clicking on  : [[ChromeDriver: chrome on windows (964f980ab4a0508b31af0fa103d5c460)] -> id: hp-search-btn]
2023-12-21 11:12:484 INFO  ResultPage :21 - Getting Text   : [[ChromeDriver: chrome on windows (964f980ab4a0508b31af0fa103d5c460)] -> xpath: //h1[@class='search-header__title']]
2023-12-21 11:12:930 INFO  HomePage :59 - Sending text to : [[ChromeDriver: chrome on windows (ee433d0603537d44b54d5350d18cbab2)] -> id: keywords]
2023-12-21 11:12:541 INFO  HomePage :63 - Sending text to : [[ChromeDriver: chrome on windows (ee433d0603537d44b54d5350d18cbab2)] -> xpath: //input[@id='location']]
2023-12-21 11:12:694 INFO  HomePage :67 - Clicking on  : [[ChromeDriver: chrome on windows (ee433d0603537d44b54d5350d18cbab2)] -> id: distance]
2023-12-21 11:12:840 INFO  HomePage :71 - Clicking on  : [[ChromeDriver: chrome on windows (ee433d0603537d44b54d5350d18cbab2)] -> id: toggle-hp-search]
2023-12-21 11:12:968 INFO  HomePage :75 - Sending text to : [[ChromeDriver: chrome on windows (ee433d0603537d44b54d5350d18cbab2)] -> xpath: //input[@id='salarymin']]
2023-12-21 11:12:102 INFO  HomePage :79 - Sending text to : [[ChromeDriver: chrome on windows (ee433d0603537d44b54d5350d18cbab2)] -> xpath: //input[@id='salarymax']]
2023-12-21 11:12:185 INFO  HomePage :83 - Clicking on  : [[ChromeDriver: chrome on windows (ee433d0603537d44b54d5350d18cbab2)] -> xpath: //select[@id='salarytype']]
2023-12-21 11:12:293 INFO  HomePage :87 - Clicking on  : [[ChromeDriver: chrome on windows (ee433d0603537d44b54d5350d18cbab2)] -> id: tempperm]
2023-12-21 11:12:407 INFO  HomePage :91 - Clicking on  : [[ChromeDriver: chrome on windows (ee433d0603537d44b54d5350d18cbab2)] -> id: hp-search-btn]
2023-12-21 11:12:968 INFO  ResultPage :21 - Getting Text   : [[ChromeDriver: chrome on windows (ee433d0603537d44b54d5350d18cbab2)] -> xpath: //h1[@class='search-header__title']]
2023-12-21 11:12:993 INFO  HomePage :59 - Sending text to : [[ChromeDriver: chrome on windows (aaee131d798ff94c7c0f16da6432dc32)] -> id: keywords]
2023-12-21 11:12:103 INFO  HomePage :63 - Sending text to : [[ChromeDriver: chrome on windows (aaee131d798ff94c7c0f16da6432dc32)] -> xpath: //input[@id='location']]
2023-12-21 11:12:181 INFO  HomePage :67 - Clicking on  : [[ChromeDriver: chrome on windows (aaee131d798ff94c7c0f16da6432dc32)] -> id: distance]
2023-12-21 11:12:282 INFO  HomePage :71 - Clicking on  : [[ChromeDriver: chrome on windows (aaee131d798ff94c7c0f16da6432dc32)] -> id: toggle-hp-search]
2023-12-21 11:12:866 INFO  HomePage :59 - Sending text to : [[ChromeDriver: chrome on windows (511fc268a729300f7a6f3d7ffc889c6e)] -> id: keywords]
2023-12-21 11:12:386 INFO  HomePage :63 - Sending text to : [[ChromeDriver: chrome on windows (511fc268a729300f7a6f3d7ffc889c6e)] -> xpath: //input[@id='location']]
2023-12-21 11:12:537 INFO  HomePage :67 - Clicking on  : [[ChromeDriver: chrome on windows (511fc268a729300f7a6f3d7ffc889c6e)] -> id: distance]
2023-12-21 11:12:674 INFO  HomePage :71 - Clicking on  : [[ChromeDriver: chrome on windows (511fc268a729300f7a6f3d7ffc889c6e)] -> id: toggle-hp-search]
2023-12-21 11:12:869 INFO  HomePage :75 - Sending text to : [[ChromeDriver: chrome on windows (511fc268a729300f7a6f3d7ffc889c6e)] -> xpath: //input[@id='salarymin']]
2023-12-21 11:12:990 INFO  HomePage :79 - Sending text to : [[ChromeDriver: chrome on windows (511fc268a729300f7a6f3d7ffc889c6e)] -> xpath: //input[@id='salarymax']]
2023-12-21 11:12:65 INFO  HomePage :83 - Clicking on  : [[ChromeDriver: chrome on windows (511fc268a729300f7a6f3d7ffc889c6e)] -> xpath: //select[@id='salarytype']]
2023-12-21 11:12:157 INFO  HomePage :87 - Clicking on  : [[ChromeDriver: chrome on windows (511fc268a729300f7a6f3d7ffc889c6e)] -> id: tempperm]
2023-12-21 11:12:246 INFO  HomePage :91 - Clicking on  : [[ChromeDriver: chrome on windows (511fc268a729300f7a6f3d7ffc889c6e)] -> id: hp-search-btn]
2023-12-21 11:12:801 INFO  ResultPage :21 - Getting Text   : [[ChromeDriver: chrome on windows (511fc268a729300f7a6f3d7ffc889c6e)] -> xpath: //h1[@class='search-header__title']]
2023-12-21 11:12:105 INFO  HomePage :59 - Sending text to : [[ChromeDriver: chrome on windows (929dbee898b47d01cd1a25c188601a6a)] -> id: keywords]
2023-12-21 11:12:223 INFO  HomePage :63 - Sending text to : [[ChromeDriver: chrome on windows (929dbee898b47d01cd1a25c188601a6a)] -> xpath: //input[@id='location']]
2023-12-21 11:12:356 INFO  HomePage :67 - Clicking on  : [[ChromeDriver: chrome on windows (929dbee898b47d01cd1a25c188601a6a)] -> id: distance]
2023-12-21 11:12:484 INFO  HomePage :71 - Clicking on  : [[ChromeDriver: chrome on windows (929dbee898b47d01cd1a25c188601a6a)] -> id: toggle-hp-search]
2023-12-21 11:12:79 INFO  HomePage :59 - Sending text to : [[ChromeDriver: chrome on windows (5e959994e5db8349527d9e1c90b40abf)] -> id: keywords]
2023-12-21 11:12:337 INFO  HomePage :63 - Sending text to : [[ChromeDriver: chrome on windows (5e959994e5db8349527d9e1c90b40abf)] -> xpath: //input[@id='location']]
2023-12-21 11:12:569 INFO  HomePage :67 - Clicking on  : [[ChromeDriver: chrome on windows (5e959994e5db8349527d9e1c90b40abf)] -> id: distance]
2023-12-21 11:12:817 INFO  HomePage :71 - Clicking on  : [[ChromeDriver: chrome on windows (5e959994e5db8349527d9e1c90b40abf)] -> id: toggle-hp-search]
2023-12-21 11:12:987 INFO  HomePage :75 - Sending text to : [[ChromeDriver: chrome on windows (5e959994e5db8349527d9e1c90b40abf)] -> xpath: //input[@id='salarymin']]
2023-12-21 11:12:171 INFO  HomePage :79 - Sending text to : [[ChromeDriver: chrome on windows (5e959994e5db8349527d9e1c90b40abf)] -> xpath: //input[@id='salarymax']]
2023-12-21 11:12:257 INFO  HomePage :83 - Clicking on  : [[ChromeDriver: chrome on windows (5e959994e5db8349527d9e1c90b40abf)] -> xpath: //select[@id='salarytype']]
2023-12-21 11:12:368 INFO  HomePage :87 - Clicking on  : [[ChromeDriver: chrome on windows (5e959994e5db8349527d9e1c90b40abf)] -> id: tempperm]
2023-12-21 11:12:494 INFO  HomePage :91 - Clicking on  : [[ChromeDriver: chrome on windows (5e959994e5db8349527d9e1c90b40abf)] -> id: hp-search-btn]
2023-12-21 11:12:111 INFO  ResultPage :21 - Getting Text   : [[ChromeDriver: chrome on windows (5e959994e5db8349527d9e1c90b40abf)] -> xpath: //h1[@class='search-header__title']]
2023-12-21 11:12:209 INFO  HomePage :59 - Sending text to : [[ChromeDriver: chrome on windows (186a264d7d6317d359a2ba937297e3b5)] -> id: keywords]
2023-12-21 11:12:334 INFO  HomePage :63 - Sending text to : [[ChromeDriver: chrome on windows (186a264d7d6317d359a2ba937297e3b5)] -> xpath: //input[@id='location']]
2023-12-21 11:12:409 INFO  HomePage :67 - Clicking on  : [[ChromeDriver: chrome on windows (186a264d7d6317d359a2ba937297e3b5)] -> id: distance]
2023-12-21 11:12:522 INFO  HomePage :71 - Clicking on  : [[ChromeDriver: chrome on windows (186a264d7d6317d359a2ba937297e3b5)] -> id: toggle-hp-search]
2023-12-21 11:12:588 INFO  HomePage :59 - Sending text to : [[ChromeDriver: chrome on windows (2ca849a5e084cf4cdd5d56caf1708b8f)] -> id: keywords]
2023-12-21 11:12:63 INFO  HomePage :63 - Sending text to : [[ChromeDriver: chrome on windows (2ca849a5e084cf4cdd5d56caf1708b8f)] -> xpath: //input[@id='location']]
2023-12-21 11:12:222 INFO  HomePage :67 - Clicking on  : [[ChromeDriver: chrome on windows (2ca849a5e084cf4cdd5d56caf1708b8f)] -> id: distance]
2023-12-21 11:12:345 INFO  HomePage :71 - Clicking on  : [[ChromeDriver: chrome on windows (2ca849a5e084cf4cdd5d56caf1708b8f)] -> id: toggle-hp-search]
2023-12-21 11:12:539 INFO  HomePage :75 - Sending text to : [[ChromeDriver: chrome on windows (2ca849a5e084cf4cdd5d56caf1708b8f)] -> xpath: //input[@id='salarymin']]
2023-12-21 11:12:699 INFO  HomePage :79 - Sending text to : [[ChromeDriver: chrome on windows (2ca849a5e084cf4cdd5d56caf1708b8f)] -> xpath: //input[@id='salarymax']]
2023-12-21 11:12:785 INFO  HomePage :83 - Clicking on  : [[ChromeDriver: chrome on windows (2ca849a5e084cf4cdd5d56caf1708b8f)] -> xpath: //select[@id='salarytype']]
2023-12-21 11:12:873 INFO  HomePage :87 - Clicking on  : [[ChromeDriver: chrome on windows (2ca849a5e084cf4cdd5d56caf1708b8f)] -> id: tempperm]
2023-12-21 11:12:994 INFO  HomePage :91 - Clicking on  : [[ChromeDriver: chrome on windows (2ca849a5e084cf4cdd5d56caf1708b8f)] -> id: hp-search-btn]
2023-12-21 11:12:829 INFO  ResultPage :21 - Getting Text   : [[ChromeDriver: chrome on windows (2ca849a5e084cf4cdd5d56caf1708b8f)] -> xpath: //h1[@class='search-header__title']]
2023-12-21 11:12:272 INFO  HomePage :59 - Sending text to : [[ChromeDriver: chrome on windows (adc9c5b2369e089fceb1461f78edc790)] -> id: keywords]
2023-12-21 11:12:381 INFO  HomePage :63 - Sending text to : [[ChromeDriver: chrome on windows (adc9c5b2369e089fceb1461f78edc790)] -> xpath: //input[@id='location']]
2023-12-21 11:12:481 INFO  HomePage :67 - Clicking on  : [[ChromeDriver: chrome on windows (adc9c5b2369e089fceb1461f78edc790)] -> id: distance]
2023-12-21 11:12:753 INFO  HomePage :71 - Clicking on  : [[ChromeDriver: chrome on windows (adc9c5b2369e089fceb1461f78edc790)] -> id: toggle-hp-search]
2023-12-21 11:12:324 INFO  HomePage :75 - Sending text to : [[ChromeDriver: chrome on windows (adc9c5b2369e089fceb1461f78edc790)] -> xpath: //input[@id='salarymin']]
2023-12-21 11:12:492 INFO  HomePage :79 - Sending text to : [[ChromeDriver: chrome on windows (adc9c5b2369e089fceb1461f78edc790)] -> xpath: //input[@id='salarymax']]
2023-12-21 11:12:602 INFO  HomePage :83 - Clicking on  : [[ChromeDriver: chrome on windows (adc9c5b2369e089fceb1461f78edc790)] -> xpath: //select[@id='salarytype']]
2023-12-21 11:12:718 INFO  HomePage :87 - Clicking on  : [[ChromeDriver: chrome on windows (adc9c5b2369e089fceb1461f78edc790)] -> id: tempperm]
2023-12-21 11:12:828 INFO  HomePage :91 - Clicking on  : [[ChromeDriver: chrome on windows (adc9c5b2369e089fceb1461f78edc790)] -> id: hp-search-btn]
2023-12-21 11:12:376 INFO  ResultPage :21 - Getting Text   : [[ChromeDriver: chrome on windows (adc9c5b2369e089fceb1461f78edc790)] -> xpath: //h1[@class='search-header__title']]
2023-12-21 11:12:937 INFO  HomePage :59 - Sending text to : [[ChromeDriver: chrome on windows (137162d550c1bb1aba6e7924b61fab3f)] -> id: keywords]
2023-12-21 11:12:531 INFO  HomePage :63 - Sending text to : [[ChromeDriver: chrome on windows (137162d550c1bb1aba6e7924b61fab3f)] -> xpath: //input[@id='location']]
2023-12-21 11:12:643 INFO  HomePage :67 - Clicking on  : [[ChromeDriver: chrome on windows (137162d550c1bb1aba6e7924b61fab3f)] -> id: distance]
2023-12-21 11:12:762 INFO  HomePage :71 - Clicking on  : [[ChromeDriver: chrome on windows (137162d550c1bb1aba6e7924b61fab3f)] -> id: toggle-hp-search]
2023-12-21 11:12:947 INFO  HomePage :75 - Sending text to : [[ChromeDriver: chrome on windows (137162d550c1bb1aba6e7924b61fab3f)] -> xpath: //input[@id='salarymin']]
2023-12-21 11:12:110 INFO  HomePage :79 - Sending text to : [[ChromeDriver: chrome on windows (137162d550c1bb1aba6e7924b61fab3f)] -> xpath: //input[@id='salarymax']]
2023-12-21 11:12:199 INFO  HomePage :83 - Clicking on  : [[ChromeDriver: chrome on windows (137162d550c1bb1aba6e7924b61fab3f)] -> xpath: //select[@id='salarytype']]
2023-12-21 11:12:300 INFO  HomePage :87 - Clicking on  : [[ChromeDriver: chrome on windows (137162d550c1bb1aba6e7924b61fab3f)] -> id: tempperm]
2023-12-21 11:12:406 INFO  HomePage :91 - Clicking on  : [[ChromeDriver: chrome on windows (137162d550c1bb1aba6e7924b61fab3f)] -> id: hp-search-btn]
2023-12-21 11:12:428 INFO  ResultPage :21 - Getting Text   : [[ChromeDriver: chrome on windows (137162d550c1bb1aba6e7924b61fab3f)] -> xpath: //h1[@class='search-header__title']]
2023-12-21 11:12:380 INFO  HomePage :59 - Sending text to : [[ChromeDriver: chrome on windows (393bc10f12810daf6d09ce2ddf88914d)] -> id: keywords]
2023-12-21 11:12:484 INFO  HomePage :63 - Sending text to : [[ChromeDriver: chrome on windows (393bc10f12810daf6d09ce2ddf88914d)] -> xpath: //input[@id='location']]
2023-12-21 11:12:820 INFO  HomePage :67 - Clicking on  : [[ChromeDriver: chrome on windows (393bc10f12810daf6d09ce2ddf88914d)] -> id: distance]
2023-12-21 11:12:134 INFO  HomePage :71 - Clicking on  : [[ChromeDriver: chrome on windows (393bc10f12810daf6d09ce2ddf88914d)] -> id: toggle-hp-search]
2023-12-21 11:12:311 INFO  HomePage :75 - Sending text to : [[ChromeDriver: chrome on windows (393bc10f12810daf6d09ce2ddf88914d)] -> xpath: //input[@id='salarymin']]
2023-12-21 11:12:461 INFO  HomePage :79 - Sending text to : [[ChromeDriver: chrome on windows (393bc10f12810daf6d09ce2ddf88914d)] -> xpath: //input[@id='salarymax']]
2023-12-21 11:12:551 INFO  HomePage :83 - Clicking on  : [[ChromeDriver: chrome on windows (393bc10f12810daf6d09ce2ddf88914d)] -> xpath: //select[@id='salarytype']]
2023-12-21 11:12:671 INFO  HomePage :87 - Clicking on  : [[ChromeDriver: chrome on windows (393bc10f12810daf6d09ce2ddf88914d)] -> id: tempperm]
2023-12-21 11:12:788 INFO  HomePage :91 - Clicking on  : [[ChromeDriver: chrome on windows (393bc10f12810daf6d09ce2ddf88914d)] -> id: hp-search-btn]
2023-12-21 11:12:702 INFO  ResultPage :21 - Getting Text   : [[ChromeDriver: chrome on windows (393bc10f12810daf6d09ce2ddf88914d)] -> xpath: //h1[@class='search-header__title']]
2023-12-21 11:12:912 INFO  HomePage :59 - Sending text to : [[ChromeDriver: chrome on windows (da800fc4ba8304ac1e07c56e6996b1e2)] -> id: keywords]
2023-12-21 11:12:30 INFO  HomePage :63 - Sending text to : [[ChromeDriver: chrome on windows (da800fc4ba8304ac1e07c56e6996b1e2)] -> xpath: //input[@id='location']]
2023-12-21 11:12:135 INFO  HomePage :67 - Clicking on  : [[ChromeDriver: chrome on windows (da800fc4ba8304ac1e07c56e6996b1e2)] -> id: distance]
2023-12-21 11:12:265 INFO  HomePage :71 - Clicking on  : [[ChromeDriver: chrome on windows (da800fc4ba8304ac1e07c56e6996b1e2)] -> id: toggle-hp-search]
2023-12-21 11:12:310 INFO  HomePage :59 - Sending text to : [[ChromeDriver: chrome on windows (3b9dafb479e7a6277a2359b8f6bee4bd)] -> id: keywords]
2023-12-21 11:12:693 INFO  HomePage :63 - Sending text to : [[ChromeDriver: chrome on windows (3b9dafb479e7a6277a2359b8f6bee4bd)] -> xpath: //input[@id='location']]
2023-12-21 11:12:767 INFO  HomePage :67 - Clicking on  : [[ChromeDriver: chrome on windows (3b9dafb479e7a6277a2359b8f6bee4bd)] -> id: distance]
2023-12-21 11:12:875 INFO  HomePage :71 - Clicking on  : [[ChromeDriver: chrome on windows (3b9dafb479e7a6277a2359b8f6bee4bd)] -> id: toggle-hp-search]
2023-12-21 11:12:176 INFO  HomePage :75 - Sending text to : [[ChromeDriver: chrome on windows (3b9dafb479e7a6277a2359b8f6bee4bd)] -> xpath: //input[@id='salarymin']]
2023-12-21 11:12:248 INFO  HomePage :79 - Sending text to : [[ChromeDriver: chrome on windows (3b9dafb479e7a6277a2359b8f6bee4bd)] -> xpath: //input[@id='salarymax']]
2023-12-21 11:12:319 INFO  HomePage :83 - Clicking on  : [[ChromeDriver: chrome on windows (3b9dafb479e7a6277a2359b8f6bee4bd)] -> xpath: //select[@id='salarytype']]
2023-12-21 11:12:409 INFO  HomePage :87 - Clicking on  : [[ChromeDriver: chrome on windows (3b9dafb479e7a6277a2359b8f6bee4bd)] -> id: tempperm]
2023-12-21 11:12:505 INFO  HomePage :91 - Clicking on  : [[ChromeDriver: chrome on windows (3b9dafb479e7a6277a2359b8f6bee4bd)] -> id: hp-search-btn]
2023-12-21 11:12:189 INFO  ResultPage :21 - Getting Text   : [[ChromeDriver: chrome on windows (3b9dafb479e7a6277a2359b8f6bee4bd)] -> xpath: //h1[@class='search-header__title']]
2023-12-21 11:12:814 INFO  HomePage :59 - Sending text to : [[ChromeDriver: chrome on windows (c2c69ef986318ace38fd146098469e93)] -> id: keywords]
2023-12-21 11:12:67 INFO  HomePage :63 - Sending text to : [[ChromeDriver: chrome on windows (c2c69ef986318ace38fd146098469e93)] -> xpath: //input[@id='location']]
2023-12-21 11:12:161 INFO  HomePage :67 - Clicking on  : [[ChromeDriver: chrome on windows (c2c69ef986318ace38fd146098469e93)] -> id: distance]
2023-12-21 11:12:267 INFO  HomePage :71 - Clicking on  : [[ChromeDriver: chrome on windows (c2c69ef986318ace38fd146098469e93)] -> id: toggle-hp-search]
2023-12-21 11:12:615 INFO  HomePage :75 - Sending text to : [[ChromeDriver: chrome on windows (c2c69ef986318ace38fd146098469e93)] -> xpath: //input[@id='salarymin']]
2023-12-21 11:12:779 INFO  HomePage :79 - Sending text to : [[ChromeDriver: chrome on windows (c2c69ef986318ace38fd146098469e93)] -> xpath: //input[@id='salarymax']]
2023-12-21 11:12:892 INFO  HomePage :83 - Clicking on  : [[ChromeDriver: chrome on windows (c2c69ef986318ace38fd146098469e93)] -> xpath: //select[@id='salarytype']]
2023-12-21 11:12:989 INFO  HomePage :87 - Clicking on  : [[ChromeDriver: chrome on windows (c2c69ef986318ace38fd146098469e93)] -> id: tempperm]
2023-12-21 11:12:123 INFO  HomePage :91 - Clicking on  : [[ChromeDriver: chrome on windows (c2c69ef986318ace38fd146098469e93)] -> id: hp-search-btn]
2023-12-21 11:12:398 INFO  ResultPage :21 - Getting Text   : [[ChromeDriver: chrome on windows (c2c69ef986318ace38fd146098469e93)] -> xpath: //h1[@class='search-header__title']]
2023-12-21 11:12:431 INFO  HomePage :59 - Sending text to : [[ChromeDriver: chrome on windows (d059b346158ba67300b73c1399c75633)] -> id: keywords]
2023-12-21 11:12:527 INFO  HomePage :63 - Sending text to : [[ChromeDriver: chrome on windows (d059b346158ba67300b73c1399c75633)] -> xpath: //input[@id='location']]
2023-12-21 11:12:604 INFO  HomePage :67 - Clicking on  : [[ChromeDriver: chrome on windows (d059b346158ba67300b73c1399c75633)] -> id: distance]
2023-12-21 11:12:726 INFO  HomePage :71 - Clicking on  : [[ChromeDriver: chrome on windows (d059b346158ba67300b73c1399c75633)] -> id: toggle-hp-search]
2023-12-21 11:12:819 INFO  HomePage :59 - Sending text to : [[ChromeDriver: chrome on windows (dd18e0b0ae2a923b2120c29374a988a5)] -> id: keywords]
2023-12-21 11:12:945 INFO  HomePage :63 - Sending text to : [[ChromeDriver: chrome on windows (dd18e0b0ae2a923b2120c29374a988a5)] -> xpath: //input[@id='location']]
2023-12-21 11:12:68 INFO  HomePage :67 - Clicking on  : [[ChromeDriver: chrome on windows (dd18e0b0ae2a923b2120c29374a988a5)] -> id: distance]
2023-12-21 11:12:187 INFO  HomePage :71 - Clicking on  : [[ChromeDriver: chrome on windows (dd18e0b0ae2a923b2120c29374a988a5)] -> id: toggle-hp-search]
2023-12-21 11:12:727 INFO  HomePage :59 - Sending text to : [[ChromeDriver: chrome on windows (58e3ccab83584189c0e1a9a8970bb383)] -> id: keywords]
2023-12-21 11:12:32 INFO  HomePage :63 - Sending text to : [[ChromeDriver: chrome on windows (58e3ccab83584189c0e1a9a8970bb383)] -> xpath: //input[@id='location']]
2023-12-21 11:12:297 INFO  HomePage :67 - Clicking on  : [[ChromeDriver: chrome on windows (58e3ccab83584189c0e1a9a8970bb383)] -> id: distance]
2023-12-21 11:12:560 INFO  HomePage :71 - Clicking on  : [[ChromeDriver: chrome on windows (58e3ccab83584189c0e1a9a8970bb383)] -> id: toggle-hp-search]
2023-12-21 11:12:741 INFO  HomePage :75 - Sending text to : [[ChromeDriver: chrome on windows (58e3ccab83584189c0e1a9a8970bb383)] -> xpath: //input[@id='salarymin']]
2023-12-21 11:12:858 INFO  HomePage :79 - Sending text to : [[ChromeDriver: chrome on windows (58e3ccab83584189c0e1a9a8970bb383)] -> xpath: //input[@id='salarymax']]
2023-12-21 11:12:945 INFO  HomePage :83 - Clicking on  : [[ChromeDriver: chrome on windows (58e3ccab83584189c0e1a9a8970bb383)] -> xpath: //select[@id='salarytype']]
2023-12-21 11:12:78 INFO  HomePage :87 - Clicking on  : [[ChromeDriver: chrome on windows (58e3ccab83584189c0e1a9a8970bb383)] -> id: tempperm]
2023-12-21 11:12:180 INFO  HomePage :91 - Clicking on  : [[ChromeDriver: chrome on windows (58e3ccab83584189c0e1a9a8970bb383)] -> id: hp-search-btn]
2023-12-21 11:12:853 INFO  ResultPage :21 - Getting Text   : [[ChromeDriver: chrome on windows (58e3ccab83584189c0e1a9a8970bb383)] -> xpath: //h1[@class='search-header__title']]
2023-12-21 11:12:160 INFO  HomePage :59 - Sending text to : [[ChromeDriver: chrome on windows (0a4eea498f8b239b13b2c63d2a92c643)] -> id: keywords]
2023-12-21 11:12:254 INFO  HomePage :63 - Sending text to : [[ChromeDriver: chrome on windows (0a4eea498f8b239b13b2c63d2a92c643)] -> xpath: //input[@id='location']]
2023-12-21 11:12:364 INFO  HomePage :67 - Clicking on  : [[ChromeDriver: chrome on windows (0a4eea498f8b239b13b2c63d2a92c643)] -> id: distance]
2023-12-21 11:12:841 INFO  HomePage :71 - Clicking on  : [[ChromeDriver: chrome on windows (0a4eea498f8b239b13b2c63d2a92c643)] -> id: toggle-hp-search]
2023-12-21 11:12:168 INFO  HomePage :75 - Sending text to : [[ChromeDriver: chrome on windows (0a4eea498f8b239b13b2c63d2a92c643)] -> xpath: //input[@id='salarymin']]
2023-12-21 11:12:302 INFO  HomePage :79 - Sending text to : [[ChromeDriver: chrome on windows (0a4eea498f8b239b13b2c63d2a92c643)] -> xpath: //input[@id='salarymax']]
2023-12-21 11:12:389 INFO  HomePage :83 - Clicking on  : [[ChromeDriver: chrome on windows (0a4eea498f8b239b13b2c63d2a92c643)] -> xpath: //select[@id='salarytype']]
2023-12-21 11:12:501 INFO  HomePage :87 - Clicking on  : [[ChromeDriver: chrome on windows (0a4eea498f8b239b13b2c63d2a92c643)] -> id: tempperm]
2023-12-21 11:12:608 INFO  HomePage :91 - Clicking on  : [[ChromeDriver: chrome on windows (0a4eea498f8b239b13b2c63d2a92c643)] -> id: hp-search-btn]
2023-12-21 11:12:57 INFO  ResultPage :21 - Getting Text   : [[ChromeDriver: chrome on windows (0a4eea498f8b239b13b2c63d2a92c643)] -> xpath: //h1[@class='search-header__title']]
2023-12-21 11:12:961 INFO  HomePage :59 - Sending text to : [[ChromeDriver: chrome on windows (a6ccf8ecf04d792016534e9cc04056ea)] -> id: keywords]
2023-12-21 11:12:349 INFO  HomePage :63 - Sending text to : [[ChromeDriver: chrome on windows (a6ccf8ecf04d792016534e9cc04056ea)] -> xpath: //input[@id='location']]
2023-12-21 11:12:507 INFO  HomePage :67 - Clicking on  : [[ChromeDriver: chrome on windows (a6ccf8ecf04d792016534e9cc04056ea)] -> id: distance]
2023-12-21 11:12:740 INFO  HomePage :71 - Clicking on  : [[ChromeDriver: chrome on windows (a6ccf8ecf04d792016534e9cc04056ea)] -> id: toggle-hp-search]
2023-12-21 11:12:925 INFO  HomePage :75 - Sending text to : [[ChromeDriver: chrome on windows (a6ccf8ecf04d792016534e9cc04056ea)] -> xpath: //input[@id='salarymin']]
2023-12-21 11:12:81 INFO  HomePage :79 - Sending text to : [[ChromeDriver: chrome on windows (a6ccf8ecf04d792016534e9cc04056ea)] -> xpath: //input[@id='salarymax']]
2023-12-21 11:12:167 INFO  HomePage :83 - Clicking on  : [[ChromeDriver: chrome on windows (a6ccf8ecf04d792016534e9cc04056ea)] -> xpath: //select[@id='salarytype']]
2023-12-21 11:12:267 INFO  HomePage :87 - Clicking on  : [[ChromeDriver: chrome on windows (a6ccf8ecf04d792016534e9cc04056ea)] -> id: tempperm]
2023-12-21 11:12:362 INFO  HomePage :91 - Clicking on  : [[ChromeDriver: chrome on windows (a6ccf8ecf04d792016534e9cc04056ea)] -> id: hp-search-btn]
2023-12-21 11:12:436 INFO  ResultPage :21 - Getting Text   : [[ChromeDriver: chrome on windows (a6ccf8ecf04d792016534e9cc04056ea)] -> xpath: //h1[@class='search-header__title']]
2023-12-21 11:12:837 INFO  HomePage :59 - Sending text to : [[ChromeDriver: chrome on windows (c333a96f3c93c8e767a428d20bcc06d0)] -> id: keywords]
2023-12-21 11:12:236 INFO  HomePage :63 - Sending text to : [[ChromeDriver: chrome on windows (c333a96f3c93c8e767a428d20bcc06d0)] -> xpath: //input[@id='location']]
2023-12-21 11:12:455 INFO  HomePage :67 - Clicking on  : [[ChromeDriver: chrome on windows (c333a96f3c93c8e767a428d20bcc06d0)] -> id: distance]
2023-12-21 11:12:570 INFO  HomePage :71 - Clicking on  : [[ChromeDriver: chrome on windows (c333a96f3c93c8e767a428d20bcc06d0)] -> id: toggle-hp-search]
2023-12-21 11:12:741 INFO  HomePage :75 - Sending text to : [[ChromeDriver: chrome on windows (c333a96f3c93c8e767a428d20bcc06d0)] -> xpath: //input[@id='salarymin']]
2023-12-21 11:12:897 INFO  HomePage :79 - Sending text to : [[ChromeDriver: chrome on windows (c333a96f3c93c8e767a428d20bcc06d0)] -> xpath: //input[@id='salarymax']]
2023-12-21 11:12:984 INFO  HomePage :83 - Clicking on  : [[ChromeDriver: chrome on windows (c333a96f3c93c8e767a428d20bcc06d0)] -> xpath: //select[@id='salarytype']]
2023-12-21 11:12:87 INFO  HomePage :87 - Clicking on  : [[ChromeDriver: chrome on windows (c333a96f3c93c8e767a428d20bcc06d0)] -> id: tempperm]
2023-12-21 11:12:180 INFO  HomePage :91 - Clicking on  : [[ChromeDriver: chrome on windows (c333a96f3c93c8e767a428d20bcc06d0)] -> id: hp-search-btn]
2023-12-21 11:12:406 INFO  ResultPage :21 - Getting Text   : [[ChromeDriver: chrome on windows (c333a96f3c93c8e767a428d20bcc06d0)] -> xpath: //h1[@class='search-header__title']]
2023-12-21 11:12:95 INFO  HomePage :59 - Sending text to : [[ChromeDriver: chrome on windows (058e05b4bf2782b063b20285ffafbc3b)] -> id: keywords]
2023-12-21 11:12:219 INFO  HomePage :63 - Sending text to : [[ChromeDriver: chrome on windows (058e05b4bf2782b063b20285ffafbc3b)] -> xpath: //input[@id='location']]
2023-12-21 11:12:818 INFO  HomePage :67 - Clicking on  : [[ChromeDriver: chrome on windows (058e05b4bf2782b063b20285ffafbc3b)] -> id: distance]
2023-12-21 11:12:966 INFO  HomePage :71 - Clicking on  : [[ChromeDriver: chrome on windows (058e05b4bf2782b063b20285ffafbc3b)] -> id: toggle-hp-search]
2023-12-21 11:12:140 INFO  HomePage :75 - Sending text to : [[ChromeDriver: chrome on windows (058e05b4bf2782b063b20285ffafbc3b)] -> xpath: //input[@id='salarymin']]
2023-12-21 11:12:347 INFO  HomePage :79 - Sending text to : [[ChromeDriver: chrome on windows (058e05b4bf2782b063b20285ffafbc3b)] -> xpath: //input[@id='salarymax']]
2023-12-21 11:12:453 INFO  HomePage :83 - Clicking on  : [[ChromeDriver: chrome on windows (058e05b4bf2782b063b20285ffafbc3b)] -> xpath: //select[@id='salarytype']]
2023-12-21 11:12:564 INFO  HomePage :87 - Clicking on  : [[ChromeDriver: chrome on windows (058e05b4bf2782b063b20285ffafbc3b)] -> id: tempperm]
2023-12-21 11:12:673 INFO  HomePage :91 - Clicking on  : [[ChromeDriver: chrome on windows (058e05b4bf2782b063b20285ffafbc3b)] -> id: hp-search-btn]
2023-12-21 11:12:435 INFO  ResultPage :21 - Getting Text   : [[ChromeDriver: chrome on windows (058e05b4bf2782b063b20285ffafbc3b)] -> xpath: //h1[@class='search-header__title']]
2023-12-21 11:12:91 INFO  HomePage :59 - Sending text to : [[ChromeDriver: chrome on windows (a8f16799b611bce7a3ccbd21c02ca90e)] -> id: keywords]
2023-12-21 11:12:227 INFO  HomePage :63 - Sending text to : [[ChromeDriver: chrome on windows (a8f16799b611bce7a3ccbd21c02ca90e)] -> xpath: //input[@id='location']]
2023-12-21 11:12:325 INFO  HomePage :67 - Clicking on  : [[ChromeDriver: chrome on windows (a8f16799b611bce7a3ccbd21c02ca90e)] -> id: distance]
2023-12-21 11:12:454 INFO  HomePage :71 - Clicking on  : [[ChromeDriver: chrome on windows (a8f16799b611bce7a3ccbd21c02ca90e)] -> id: toggle-hp-search]
2023-12-21 11:12:947 INFO  HomePage :59 - Sending text to : [[ChromeDriver: chrome on windows (c2cef5f9550afb394781c9d769af18c6)] -> id: keywords]
2023-12-21 11:12:398 INFO  HomePage :63 - Sending text to : [[ChromeDriver: chrome on windows (c2cef5f9550afb394781c9d769af18c6)] -> xpath: //input[@id='location']]
2023-12-21 11:12:707 INFO  HomePage :67 - Clicking on  : [[ChromeDriver: chrome on windows (c2cef5f9550afb394781c9d769af18c6)] -> id: distance]
2023-12-21 11:12:871 INFO  HomePage :71 - Clicking on  : [[ChromeDriver: chrome on windows (c2cef5f9550afb394781c9d769af18c6)] -> id: toggle-hp-search]
2023-12-21 11:12:185 INFO  HomePage :75 - Sending text to : [[ChromeDriver: chrome on windows (c2cef5f9550afb394781c9d769af18c6)] -> xpath: //input[@id='salarymin']]
2023-12-21 11:12:320 INFO  HomePage :79 - Sending text to : [[ChromeDriver: chrome on windows (c2cef5f9550afb394781c9d769af18c6)] -> xpath: //input[@id='salarymax']]
2023-12-21 11:12:415 INFO  HomePage :83 - Clicking on  : [[ChromeDriver: chrome on windows (c2cef5f9550afb394781c9d769af18c6)] -> xpath: //select[@id='salarytype']]
2023-12-21 11:12:518 INFO  HomePage :87 - Clicking on  : [[ChromeDriver: chrome on windows (c2cef5f9550afb394781c9d769af18c6)] -> id: tempperm]
2023-12-21 11:12:609 INFO  HomePage :91 - Clicking on  : [[ChromeDriver: chrome on windows (c2cef5f9550afb394781c9d769af18c6)] -> id: hp-search-btn]
2023-12-21 11:12:588 INFO  ResultPage :21 - Getting Text   : [[ChromeDriver: chrome on windows (c2cef5f9550afb394781c9d769af18c6)] -> xpath: //h1[@class='search-header__title']]
